V3 11
FL D:/Sync/ExternalProjects/CNC_QuaDdECODER/QuadraDec3x/quad_dec.vhd 2016/07/14.11:53:21 P.20131013
EN work/QuadratureDecoder 1469026030 \
      FL D:/Sync/ExternalProjects/CNC_QuaDdECODER/QuadraDec3x/quad_dec.vhd \
      PB ieee/std_logic_1164 1381692176 PB ieee/std_logic_arith 1381692177 \
      PB ieee/NUMERIC_STD 1381692181 PB ieee/STD_LOGIC_UNSIGNED 1381692179
AR work/QuadratureDecoder/Behavioral 1469026031 \
      FL D:/Sync/ExternalProjects/CNC_QuaDdECODER/QuadraDec3x/quad_dec.vhd \
      EN work/QuadratureDecoder 1469026030
FL D:/Sync/ExternalProjects/CNC_QuaDdECODER/QuadraDec3x/top.vhd 2016/07/20.16:47:02 P.20131013
EN work/top 1469026034 \
      FL D:/Sync/ExternalProjects/CNC_QuaDdECODER/QuadraDec3x/top.vhd \
      PB ieee/std_logic_1164 1381692176
AR work/top/Behavioral 1469026035 \
      FL D:/Sync/ExternalProjects/CNC_QuaDdECODER/QuadraDec3x/top.vhd EN work/top 1469026034 \
      CP QuadratureDecoder CP Wire
FL D:/Sync/ExternalProjects/CNC_QuaDdECODER/QuadraDec3x/Wire.vhd 2016/07/14.12:04:15 P.20131013
EN work/Wire 1469026032 \
      FL D:/Sync/ExternalProjects/CNC_QuaDdECODER/QuadraDec3x/Wire.vhd \
      PB ieee/std_logic_1164 1381692176 PB ieee/std_logic_arith 1381692177 \
      PB ieee/NUMERIC_STD 1381692181 PB ieee/STD_LOGIC_UNSIGNED 1381692179
AR work/Wire/Behavioral 1469026033 \
      FL D:/Sync/ExternalProjects/CNC_QuaDdECODER/QuadraDec3x/Wire.vhd \
      EN work/Wire 1469026032
